apiVersion: networking.istio.io/v1alpha3
kind: Gateway
metadata:
  annotations:
    internal.istio.io/gateway-service: istio-ingressgateway.istio-system.svc.domain.suffix
    internal.istio.io/parent: Gateway/gateway/apple.istio-system
  creationTimestamp: null
  name: gateway-istio-autogenerated-k8s-gateway-apple
  namespace: istio-system
spec:
  servers:
  - hosts:
    - apple/apple.example
    port:
      name: default
      number: 80
      protocol: HTTP
---
apiVersion: networking.istio.io/v1alpha3
kind: Gateway
metadata:
  annotations:
    internal.istio.io/gateway-service: istio-ingressgateway.istio-system.svc.domain.suffix
    internal.istio.io/parent: Gateway/gateway/banana.istio-system
  creationTimestamp: null
  name: gateway-istio-autogenerated-k8s-gateway-banana
  namespace: istio-system
spec:
  servers:
  - hosts:
    - banana/banana.example
    port:
      name: default
      number: 80
      protocol: HTTP
---
apiVersion: networking.istio.io/v1alpha3
kind: VirtualService
metadata:
  annotations:
    internal.istio.io/parent: HTTPRoute/http.apple
  creationTimestamp: null
  name: http-istio-autogenerated-k8s-gateway
  namespace: apple
spec:
  gateways:
  - istio-system/gateway-istio-autogenerated-k8s-gateway-apple
  hosts:
  - '*'
  http:
  - route:
    - destination:
        host: httpbin-apple.apple.svc.domain.suffix
        port:
          number: 80
---
apiVersion: networking.istio.io/v1alpha3
kind: VirtualService
metadata:
  annotations:
    internal.istio.io/parent: HTTPRoute/http.banana
  creationTimestamp: null
  name: http-istio-autogenerated-k8s-gateway
  namespace: banana
spec:
  gateways:
  - istio-system/gateway-istio-autogenerated-k8s-gateway-banana
  hosts:
  - '*'
  http:
  - route:
    - destination:
        host: httpbin-banana.banana.svc.domain.suffix
        port:
          number: 80
---
